// Jest Snapshot v1, https://goo.gl/fbAQLP

exports[`create random user 1`] = `
Object {
  "createdAt": Any<Date>,
  "id": Any<Number>,
}
`;

exports[`will fail every time 1`] = `
Object {
  "createdAt": 2020-07-23T15:01:12.548Z,
  "id": 1,
  "name": "LeBron James",
}
`;
